{"ts":"2026-06-04T16:54:17.708Z","message":"worker tick","reason":"daemon","openclaw":true}
{"ts":"2026-06-04T16:54:17.911Z","message":"aria health checked","bad":0}
{"ts":"2026-06-04T17:09:21.227Z","message":"worker tick","reason":"interval","openclaw":true}
{"ts":"2026-06-04T17:09:22.465Z","message":"aria health checked","bad":0}
{"ts":"2026-06-04T17:24:25.755Z","message":"worker tick","reason":"interval","openclaw":true}
{"ts":"2026-06-04T17:24:26.961Z","message":"aria health checked","bad":0}
{"ts":"2026-06-04T17:24:26.997Z","message":"operating board updated","file":"C:\\Users\\Ahmad Wasee\\Documents\\GitHub\\ARIA — Real-Time AI Assistant\\iisupp-net-deploy\\senior-director-state\\director-operating-board.md"}
{"ts":"2026-06-04T17:39:30.355Z","message":"worker tick","reason":"interval","openclaw":true}
{"ts":"2026-06-04T17:39:31.591Z","message":"aria health checked","bad":0}
{"ts":"2026-06-04T17:54:35.197Z","message":"worker tick","reason":"interval","openclaw":true}
{"ts":"2026-06-04T17:54:36.523Z","message":"aria health checked","bad":0}
{"ts":"2026-06-04T17:54:36.559Z","message":"lead scan complete","count":9,"newCount":0,"openclawUsed":0}
{"ts":"2026-06-04T17:54:36.595Z","message":"operating board updated","file":"C:\\Users\\Ahmad Wasee\\Documents\\GitHub\\ARIA — Real-Time AI Assistant\\iisupp-net-deploy\\senior-director-state\\director-operating-board.md"}
{"ts":"2026-06-04T17:54:38.959Z","message":"openclaw mission brief attempted","ok":false,"code":1}
{"ts":"2026-06-04T18:09:42.304Z","message":"worker tick","reason":"interval","openclaw":true}
{"ts":"2026-06-04T18:09:43.490Z","message":"aria health checked","bad":0}
{"ts":"2026-06-04T18:24:46.703Z","message":"worker tick","reason":"interval","openclaw":true}
{"ts":"2026-06-04T18:24:47.956Z","message":"aria health checked","bad":0}
{"ts":"2026-06-04T18:24:48.021Z","message":"operating board updated","file":"C:\\Users\\Ahmad Wasee\\Documents\\GitHub\\ARIA — Real-Time AI Assistant\\iisupp-net-deploy\\senior-director-state\\director-operating-board.md"}
{"ts":"2026-06-04T18:39:51.198Z","message":"worker tick","reason":"interval","openclaw":true}
{"ts":"2026-06-04T18:39:52.418Z","message":"aria health checked","bad":0}
{"ts":"2026-06-04T18:54:55.609Z","message":"worker tick","reason":"interval","openclaw":true}
{"ts":"2026-06-04T18:54:56.889Z","message":"aria health checked","bad":0}
{"ts":"2026-06-04T18:54:56.987Z","message":"lead scan complete","count":13,"newCount":4,"openclawUsed":0}
{"ts":"2026-06-04T18:54:57.020Z","message":"operating board updated","file":"C:\\Users\\Ahmad Wasee\\Documents\\GitHub\\ARIA — Real-Time AI Assistant\\iisupp-net-deploy\\senior-director-state\\director-operating-board.md"}
{"ts":"2026-06-04T19:10:00.350Z","message":"worker tick","reason":"interval","openclaw":true}
{"ts":"2026-06-04T19:10:01.908Z","message":"aria health checked","bad":0}
{"ts":"2026-06-04T19:25:05.239Z","message":"worker tick","reason":"interval","openclaw":true}
{"ts":"2026-06-04T19:25:06.478Z","message":"aria health checked","bad":0}
{"ts":"2026-06-04T19:25:06.514Z","message":"operating board updated","file":"C:\\Users\\Ahmad Wasee\\Documents\\GitHub\\ARIA — Real-Time AI Assistant\\iisupp-net-deploy\\senior-director-state\\director-operating-board.md"}
{"ts":"2026-06-04T19:40:09.884Z","message":"worker tick","reason":"interval","openclaw":true}
{"ts":"2026-06-04T19:40:11.103Z","message":"aria health checked","bad":0}
{"ts":"2026-06-04T19:55:14.298Z","message":"worker tick","reason":"interval","openclaw":true}
{"ts":"2026-06-04T19:55:15.483Z","message":"aria health checked","bad":0}
{"ts":"2026-06-04T19:55:15.574Z","message":"lead scan complete","count":13,"newCount":0,"openclawUsed":0}
{"ts":"2026-06-04T19:55:15.619Z","message":"operating board updated","file":"C:\\Users\\Ahmad Wasee\\Documents\\GitHub\\ARIA — Real-Time AI Assistant\\iisupp-net-deploy\\senior-director-state\\director-operating-board.md"}
{"ts":"2026-06-04T19:55:17.709Z","message":"openclaw mission brief attempted","ok":false,"code":1}
{"ts":"2026-06-04T20:10:21.035Z","message":"worker tick","reason":"interval","openclaw":true}
{"ts":"2026-06-04T20:10:22.319Z","message":"aria health checked","bad":0}
{"ts":"2026-06-04T20:25:25.560Z","message":"worker tick","reason":"interval","openclaw":true}
{"ts":"2026-06-04T20:25:26.860Z","message":"aria health checked","bad":0}
{"ts":"2026-06-04T20:25:26.931Z","message":"operating board updated","file":"C:\\Users\\Ahmad Wasee\\Documents\\GitHub\\ARIA — Real-Time AI Assistant\\iisupp-net-deploy\\senior-director-state\\director-operating-board.md"}
{"ts":"2026-06-04T20:40:30.149Z","message":"worker tick","reason":"interval","openclaw":true}
{"ts":"2026-06-04T20:40:31.445Z","message":"aria health checked","bad":0}
{"ts":"2026-06-04T20:55:34.723Z","message":"worker tick","reason":"interval","openclaw":true}
{"ts":"2026-06-04T20:55:36.040Z","message":"aria health checked","bad":0}
{"ts":"2026-06-04T20:55:36.133Z","message":"lead scan complete","count":17,"newCount":4,"openclawUsed":0}
{"ts":"2026-06-04T20:55:36.206Z","message":"operating board updated","file":"C:\\Users\\Ahmad Wasee\\Documents\\GitHub\\ARIA — Real-Time AI Assistant\\iisupp-net-deploy\\senior-director-state\\director-operating-board.md"}
{"ts":"2026-06-04T21:10:39.439Z","message":"worker tick","reason":"interval","openclaw":true}
{"ts":"2026-06-04T21:10:40.779Z","message":"aria health checked","bad":0}
{"ts":"2026-06-04T21:25:44.356Z","message":"worker tick","reason":"interval","openclaw":true}
{"ts":"2026-06-04T21:25:45.676Z","message":"aria health checked","bad":0}
{"ts":"2026-06-04T21:25:45.712Z","message":"operating board updated","file":"C:\\Users\\Ahmad Wasee\\Documents\\GitHub\\ARIA — Real-Time AI Assistant\\iisupp-net-deploy\\senior-director-state\\director-operating-board.md"}
{"ts":"2026-06-04T21:40:48.901Z","message":"worker tick","reason":"interval","openclaw":true}
{"ts":"2026-06-04T21:40:50.211Z","message":"aria health checked","bad":0}
{"ts":"2026-06-04T21:55:53.487Z","message":"worker tick","reason":"interval","openclaw":true}
{"ts":"2026-06-04T21:55:54.640Z","message":"aria health checked","bad":0}
{"ts":"2026-06-04T21:55:54.731Z","message":"lead scan complete","count":17,"newCount":0,"openclawUsed":0}
{"ts":"2026-06-04T21:55:54.807Z","message":"operating board updated","file":"C:\\Users\\Ahmad Wasee\\Documents\\GitHub\\ARIA — Real-Time AI Assistant\\iisupp-net-deploy\\senior-director-state\\director-operating-board.md"}
{"ts":"2026-06-04T21:55:56.999Z","message":"openclaw mission brief attempted","ok":false,"code":1}
{"ts":"2026-06-04T22:11:00.445Z","message":"worker tick","reason":"interval","openclaw":true}
{"ts":"2026-06-04T22:11:01.838Z","message":"aria health checked","bad":0}
{"ts":"2026-06-04T22:26:05.182Z","message":"worker tick","reason":"interval","openclaw":true}
{"ts":"2026-06-04T22:26:06.761Z","message":"aria health checked","bad":0}
{"ts":"2026-06-04T22:26:06.800Z","message":"operating board updated","file":"C:\\Users\\Ahmad Wasee\\Documents\\GitHub\\ARIA — Real-Time AI Assistant\\iisupp-net-deploy\\senior-director-state\\director-operating-board.md"}
{"ts":"2026-06-04T22:41:10.037Z","message":"worker tick","reason":"interval","openclaw":true}
{"ts":"2026-06-04T22:41:11.395Z","message":"aria health checked","bad":0}
{"ts":"2026-06-04T22:56:14.691Z","message":"worker tick","reason":"interval","openclaw":true}
{"ts":"2026-06-04T22:56:15.919Z","message":"aria health checked","bad":0}
{"ts":"2026-06-04T22:56:16.004Z","message":"lead scan complete","count":18,"newCount":2,"openclawUsed":0}
{"ts":"2026-06-04T22:56:16.037Z","message":"operating board updated","file":"C:\\Users\\Ahmad Wasee\\Documents\\GitHub\\ARIA — Real-Time AI Assistant\\iisupp-net-deploy\\senior-director-state\\director-operating-board.md"}
{"ts":"2026-06-04T23:11:19.253Z","message":"worker tick","reason":"interval","openclaw":true}
{"ts":"2026-06-04T23:11:20.521Z","message":"aria health checked","bad":0}
{"ts":"2026-06-04T23:26:23.811Z","message":"worker tick","reason":"interval","openclaw":true}
{"ts":"2026-06-04T23:26:25.062Z","message":"aria health checked","bad":0}
{"ts":"2026-06-04T23:26:25.098Z","message":"operating board updated","file":"C:\\Users\\Ahmad Wasee\\Documents\\GitHub\\ARIA — Real-Time AI Assistant\\iisupp-net-deploy\\senior-director-state\\director-operating-board.md"}
{"ts":"2026-06-04T23:41:28.562Z","message":"worker tick","reason":"interval","openclaw":true}
{"ts":"2026-06-04T23:41:30.000Z","message":"aria health checked","bad":0}
{"ts":"2026-06-04T23:56:33.326Z","message":"worker tick","reason":"interval","openclaw":true}
{"ts":"2026-06-04T23:56:34.567Z","message":"aria health checked","bad":0}
{"ts":"2026-06-04T23:56:34.635Z","message":"lead scan complete","count":18,"newCount":0,"openclawUsed":0}
{"ts":"2026-06-04T23:56:34.710Z","message":"operating board updated","file":"C:\\Users\\Ahmad Wasee\\Documents\\GitHub\\ARIA — Real-Time AI Assistant\\iisupp-net-deploy\\senior-director-state\\director-operating-board.md"}
{"ts":"2026-06-04T23:56:37.025Z","message":"openclaw mission brief attempted","ok":false,"code":1}
{"ts":"2026-06-05T00:11:40.325Z","message":"worker tick","reason":"interval","openclaw":true}
{"ts":"2026-06-05T00:11:41.510Z","message":"aria health checked","bad":0}
{"ts":"2026-06-05T00:26:44.837Z","message":"worker tick","reason":"interval","openclaw":true}
{"ts":"2026-06-05T00:26:46.124Z","message":"aria health checked","bad":0}
{"ts":"2026-06-05T00:26:46.161Z","message":"operating board updated","file":"C:\\Users\\Ahmad Wasee\\Documents\\GitHub\\ARIA — Real-Time AI Assistant\\iisupp-net-deploy\\senior-director-state\\director-operating-board.md"}
{"ts":"2026-06-05T00:41:49.546Z","message":"worker tick","reason":"interval","openclaw":true}
{"ts":"2026-06-05T00:41:50.835Z","message":"aria health checked","bad":0}
{"ts":"2026-06-05T00:56:54.281Z","message":"worker tick","reason":"interval","openclaw":true}
{"ts":"2026-06-05T00:56:55.489Z","message":"aria health checked","bad":0}
{"ts":"2026-06-05T00:56:55.590Z","message":"lead scan complete","count":18,"newCount":0,"openclawUsed":0}
{"ts":"2026-06-05T00:56:55.624Z","message":"operating board updated","file":"C:\\Users\\Ahmad Wasee\\Documents\\GitHub\\ARIA — Real-Time AI Assistant\\iisupp-net-deploy\\senior-director-state\\director-operating-board.md"}
{"ts":"2026-06-05T01:11:58.947Z","message":"worker tick","reason":"interval","openclaw":true}
{"ts":"2026-06-05T01:12:00.179Z","message":"aria health checked","bad":0}
{"ts":"2026-06-05T01:27:03.469Z","message":"worker tick","reason":"interval","openclaw":true}
{"ts":"2026-06-05T01:27:04.709Z","message":"aria health checked","bad":0}
{"ts":"2026-06-05T01:27:04.746Z","message":"operating board updated","file":"C:\\Users\\Ahmad Wasee\\Documents\\GitHub\\ARIA — Real-Time AI Assistant\\iisupp-net-deploy\\senior-director-state\\director-operating-board.md"}
{"ts":"2026-06-05T01:42:07.862Z","message":"worker tick","reason":"interval","openclaw":true}
{"ts":"2026-06-05T01:42:09.111Z","message":"aria health checked","bad":0}
{"ts":"2026-06-05T01:57:12.520Z","message":"worker tick","reason":"interval","openclaw":true}
{"ts":"2026-06-05T01:57:13.854Z","message":"aria health checked","bad":0}
{"ts":"2026-06-05T01:57:13.987Z","message":"lead scan complete","count":18,"newCount":0,"openclawUsed":0}
{"ts":"2026-06-05T01:57:14.065Z","message":"operating board updated","file":"C:\\Users\\Ahmad Wasee\\Documents\\GitHub\\ARIA — Real-Time AI Assistant\\iisupp-net-deploy\\senior-director-state\\director-operating-board.md"}
{"ts":"2026-06-05T01:57:16.441Z","message":"openclaw mission brief attempted","ok":false,"code":1}
{"ts":"2026-06-05T02:12:19.649Z","message":"worker tick","reason":"interval","openclaw":true}
{"ts":"2026-06-05T02:12:20.986Z","message":"aria health checked","bad":0}
{"ts":"2026-06-05T02:27:24.240Z","message":"worker tick","reason":"interval","openclaw":true}
{"ts":"2026-06-05T02:27:25.483Z","message":"aria health checked","bad":0}
{"ts":"2026-06-05T02:27:25.553Z","message":"operating board updated","file":"C:\\Users\\Ahmad Wasee\\Documents\\GitHub\\ARIA — Real-Time AI Assistant\\iisupp-net-deploy\\senior-director-state\\director-operating-board.md"}
{"ts":"2026-06-05T02:42:28.794Z","message":"worker tick","reason":"interval","openclaw":true}
{"ts":"2026-06-05T02:42:30.188Z","message":"aria health checked","bad":0}
{"ts":"2026-06-05T02:57:33.473Z","message":"worker tick","reason":"interval","openclaw":true}
{"ts":"2026-06-05T02:57:34.685Z","message":"aria health checked","bad":0}
{"ts":"2026-06-05T02:57:34.770Z","message":"lead scan complete","count":18,"newCount":0,"openclawUsed":0}
{"ts":"2026-06-05T02:57:34.809Z","message":"operating board updated","file":"C:\\Users\\Ahmad Wasee\\Documents\\GitHub\\ARIA — Real-Time AI Assistant\\iisupp-net-deploy\\senior-director-state\\director-operating-board.md"}
{"ts":"2026-06-05T03:12:38.087Z","message":"worker tick","reason":"interval","openclaw":true}
{"ts":"2026-06-05T03:12:39.313Z","message":"aria health checked","bad":0}
{"ts":"2026-06-05T03:27:42.450Z","message":"worker tick","reason":"interval","openclaw":true}
{"ts":"2026-06-05T03:27:43.812Z","message":"aria health checked","bad":0}
{"ts":"2026-06-05T03:27:43.849Z","message":"operating board updated","file":"C:\\Users\\Ahmad Wasee\\Documents\\GitHub\\ARIA — Real-Time AI Assistant\\iisupp-net-deploy\\senior-director-state\\director-operating-board.md"}
{"ts":"2026-06-05T03:42:47.122Z","message":"worker tick","reason":"interval","openclaw":true}
{"ts":"2026-06-05T03:42:48.285Z","message":"aria health checked","bad":0}
{"ts":"2026-06-05T03:57:51.657Z","message":"worker tick","reason":"interval","openclaw":true}
{"ts":"2026-06-05T03:57:52.930Z","message":"aria health checked","bad":0}
{"ts":"2026-06-05T03:57:52.962Z","message":"lead scan complete","count":18,"newCount":0,"openclawUsed":0}
{"ts":"2026-06-05T03:57:52.997Z","message":"operating board updated","file":"C:\\Users\\Ahmad Wasee\\Documents\\GitHub\\ARIA — Real-Time AI Assistant\\iisupp-net-deploy\\senior-director-state\\director-operating-board.md"}
{"ts":"2026-06-05T03:57:55.228Z","message":"openclaw mission brief attempted","ok":false,"code":1}
{"ts":"2026-06-05T04:12:58.927Z","message":"worker tick","reason":"interval","openclaw":true}
{"ts":"2026-06-05T04:13:00.168Z","message":"aria health checked","bad":0}
{"ts":"2026-06-05T04:28:03.461Z","message":"worker tick","reason":"interval","openclaw":true}
{"ts":"2026-06-05T04:28:04.706Z","message":"aria health checked","bad":0}
{"ts":"2026-06-05T04:28:04.744Z","message":"operating board updated","file":"C:\\Users\\Ahmad Wasee\\Documents\\GitHub\\ARIA — Real-Time AI Assistant\\iisupp-net-deploy\\senior-director-state\\director-operating-board.md"}
{"ts":"2026-06-05T04:43:08.175Z","message":"worker tick","reason":"interval","openclaw":true}
{"ts":"2026-06-05T04:43:09.567Z","message":"aria health checked","bad":0}
{"ts":"2026-06-05T04:58:13.130Z","message":"worker tick","reason":"interval","openclaw":true}
{"ts":"2026-06-05T04:58:14.586Z","message":"aria health checked","bad":0}
{"ts":"2026-06-05T04:58:14.617Z","message":"lead scan complete","count":18,"newCount":0,"openclawUsed":0}
{"ts":"2026-06-05T04:58:14.655Z","message":"operating board updated","file":"C:\\Users\\Ahmad Wasee\\Documents\\GitHub\\ARIA — Real-Time AI Assistant\\iisupp-net-deploy\\senior-director-state\\director-operating-board.md"}
{"ts":"2026-06-05T05:13:18.109Z","message":"worker tick","reason":"interval","openclaw":true}
{"ts":"2026-06-05T05:13:19.347Z","message":"aria health checked","bad":0}
{"ts":"2026-06-05T05:28:22.528Z","message":"worker tick","reason":"interval","openclaw":true}
{"ts":"2026-06-05T05:28:23.850Z","message":"aria health checked","bad":0}
{"ts":"2026-06-05T05:28:23.892Z","message":"operating board updated","file":"C:\\Users\\Ahmad Wasee\\Documents\\GitHub\\ARIA — Real-Time AI Assistant\\iisupp-net-deploy\\senior-director-state\\director-operating-board.md"}
{"ts":"2026-06-05T05:43:27.143Z","message":"worker tick","reason":"interval","openclaw":true}
{"ts":"2026-06-05T05:43:28.358Z","message":"aria health checked","bad":0}
{"ts":"2026-06-05T05:58:31.684Z","message":"worker tick","reason":"interval","openclaw":true}
{"ts":"2026-06-05T05:58:32.856Z","message":"aria health checked","bad":0}
{"ts":"2026-06-05T05:58:32.944Z","message":"lead scan complete","count":18,"newCount":0,"openclawUsed":0}
{"ts":"2026-06-05T05:58:32.980Z","message":"operating board updated","file":"C:\\Users\\Ahmad Wasee\\Documents\\GitHub\\ARIA — Real-Time AI Assistant\\iisupp-net-deploy\\senior-director-state\\director-operating-board.md"}
{"ts":"2026-06-05T05:58:35.256Z","message":"openclaw mission brief attempted","ok":false,"code":1}
{"ts":"2026-06-05T06:13:38.644Z","message":"worker tick","reason":"interval","openclaw":true}
{"ts":"2026-06-05T06:13:39.287Z","message":"aria health checked","bad":0}
{"ts":"2026-06-05T06:28:42.527Z","message":"worker tick","reason":"interval","openclaw":true}
{"ts":"2026-06-05T06:28:43.779Z","message":"aria health checked","bad":0}
{"ts":"2026-06-05T06:28:43.844Z","message":"operating board updated","file":"C:\\Users\\Ahmad Wasee\\Documents\\GitHub\\ARIA — Real-Time AI Assistant\\iisupp-net-deploy\\senior-director-state\\director-operating-board.md"}
